apiVersion: rbac.authorization.k8s.io/v1
kind: ClusterRole
metadata:
  labels:
    app.kubernetes.io/instance: cert-exporter
    app.kubernetes.io/managed-by: Helm
    app.kubernetes.io/name: x509-certificate-exporter
    app.kubernetes.io/version: 3.14.0
    helm.sh/chart: x509-certificate-exporter-3.14.0
  name: cert-exporter-x509-certificate-exporter
rules:
  - apiGroups:
      - ''
    resources:
      - namespaces
    verbs:
      - get
      - watch
      - list
  - apiGroups:
      - ''
    resources:
      - secrets
    verbs:
      - get
      - watch
      - list
---
apiVersion: rbac.authorization.k8s.io/v1
kind: ClusterRole
metadata:
  labels:
    app.kubernetes.io/instance: cert-exporter
    app.kubernetes.io/managed-by: Helm
    app.kubernetes.io/name: x509-certificate-exporter
    app.kubernetes.io/version: 3.14.0
    helm.sh/chart: x509-certificate-exporter-3.14.0
  name: cert-exporter-x509-certificate-exporter-node
rules: null
