apiVersion: rbac.authorization.k8s.io/v1
kind: ClusterRoleBinding
metadata:
  labels:
    app.kubernetes.io/instance: cert-exporter
    app.kubernetes.io/managed-by: Helm
    app.kubernetes.io/name: x509-certificate-exporter
    app.kubernetes.io/version: 2.12.0
    helm.sh/chart: x509-certificate-exporter-1.20.0
  name: cert-exporter-x509-certificate-exporter
roleRef:
  apiGroup: rbac.authorization.k8s.io
  kind: ClusterRole
  name: cert-exporter-x509-certificate-exporter
subjects:
  - kind: ServiceAccount
    name: cert-exporter-x509-certificate-exporter
    namespace: syn-cert-exporter
