apiVersion: v1
kind: Service
metadata:
  labels:
    app.kubernetes.io/instance: cert-exporter
    app.kubernetes.io/managed-by: Helm
    app.kubernetes.io/name: x509-certificate-exporter
    app.kubernetes.io/version: 3.12.0
    helm.sh/chart: x509-certificate-exporter-3.12.0
  name: cert-exporter-x509-certificate-exporter
  namespace: syn-cert-exporter
spec:
  ports:
    - name: metrics
      port: 9793
      targetPort: metrics
  selector:
    app.kubernetes.io/instance: cert-exporter
    app.kubernetes.io/name: x509-certificate-exporter
  type: ClusterIP
