apiVersion: monitoring.coreos.com/v1
kind: ServiceMonitor
metadata:
  labels:
    app.kubernetes.io/instance: cert-exporter
    app.kubernetes.io/managed-by: Helm
    app.kubernetes.io/name: x509-certificate-exporter
    app.kubernetes.io/version: 3.14.0
    helm.sh/chart: x509-certificate-exporter-3.14.0
  name: cert-exporter-x509-certificate-exporter
  namespace: syn-cert-exporter
spec:
  endpoints:
    - interval: 90s
      port: metrics
      scrapeTimeout: 70s
  selector:
    matchLabels:
      app.kubernetes.io/instance: cert-exporter
      app.kubernetes.io/name: x509-certificate-exporter
