apiVersion: v1
kind: ServiceAccount
metadata:
  labels:
    app.kubernetes.io/instance: cert-exporter
    app.kubernetes.io/managed-by: Helm
    app.kubernetes.io/name: x509-certificate-exporter
    app.kubernetes.io/version: 3.6.0
    helm.sh/chart: x509-certificate-exporter-3.6.0
  name: cert-exporter-x509-certificate-exporter
---
apiVersion: v1
kind: ServiceAccount
metadata:
  labels:
    app.kubernetes.io/instance: cert-exporter
    app.kubernetes.io/managed-by: Helm
    app.kubernetes.io/name: x509-certificate-exporter
    app.kubernetes.io/version: 3.6.0
    helm.sh/chart: x509-certificate-exporter-3.6.0
  name: cert-exporter-x509-certificate-exporter-node
