apiVersion: v1
kind: Namespace
metadata:
  annotations: {}
  labels:
    app.kubernetes.io/name: syn-cert-exporter
    name: syn-cert-exporter
    openshift.io/cluster-monitoring: 'true'
  name: syn-cert-exporter
